2026-03-21 05:20:29,592 36836 WARNING ? odoo.tools.config: missing --http-interface/http_interface, using 0.0.0.0 by default, will change to 127.0.0.1 in 20.0 
2026-03-21 05:20:29,593 36836 INFO ? odoo: Odoo version 19.0 
2026-03-21 05:20:29,593 36836 INFO ? odoo: addons paths: _NamespacePath(['C:\\Users\\javie\\Documents\\VYNX trabajo\\odoo\\odoo\\addons', 'C:\\Users\\javie\\AppData\\Local\\OpenERP S.A.\\Odoo\\addons\\19.0', 'c:\\users\\javie\\documents\\vynx trabajo\\odoo\\odoo\\addons', 'c:\\users\\javie\\documents\\vynx trabajo\\odoo\\addons']) 
2026-03-21 05:20:29,593 36836 INFO ? odoo: database: javi2@default:default 
2026-03-21 05:20:30,132 36836 INFO odoo odoo.modules.loading: loading 1 modules... 
2026-03-21 05:20:30,136 36836 INFO odoo odoo.modules.loading: 1 modules loaded in 0.00s, 0 queries (+0 extra) 
2026-03-21 05:20:30,162 36836 INFO odoo odoo.modules.loading: updating modules list 
2026-03-21 05:20:30,165 36836 INFO odoo odoo.addons.base.models.ir_module: ALLOW access to module.update_list on [] to user __system__ #1 via n/a 
2026-03-21 05:20:31,222 36836 INFO odoo odoo.addons.base.models.ir_module: ALLOW access to module.button_upgrade on ['Plantilla para Carnicería'] to user __system__ #1 via n/a 
2026-03-21 05:20:31,222 36836 INFO odoo odoo.addons.base.models.ir_module: ALLOW access to module.update_list on ['Plantilla para Carnicería'] to user __system__ #1 via n/a 
2026-03-21 05:20:32,066 36836 INFO odoo odoo.addons.base.models.ir_module: ALLOW access to module.button_install on [] to user __system__ #1 via n/a 
2026-03-21 05:20:32,100 36836 INFO odoo odoo.modules.loading: loading 76 modules... 
2026-03-21 05:20:33,019 36836 INFO odoo odoo.modules.loading: Loading module carniceria_template (75/76) 
2026-03-21 05:20:33,222 36836 INFO odoo odoo.registry: module carniceria_template: creating or updating database tables 
2026-03-21 05:20:33,359 36836 INFO odoo odoo.modules.loading: loading carniceria_template/security/ir.model.access.csv 
2026-03-21 05:20:33,369 36836 INFO odoo odoo.modules.loading: loading carniceria_template/data/company_config_data.xml 
2026-03-21 05:20:33,380 36836 ERROR odoo odoo.sql_db: bad query: b'INSERT INTO "res_currency" ("active", "create_date", "create_uid", "name", "position", "rounding", "write_date", "write_uid") VALUES (true, \'2026-03-21T05:20:30.119089\'::timestamp, 1, \'PEN\', \'after\', \'0.010000\', \'2026-03-21T05:20:30.119089\'::timestamp, 1) RETURNING "id"'
ERROR: el valor nulo en la columna «symbol» de la relación «res_currency» viola la restricción “not-null”
DETAIL:  La fila que falla contiene (174, PEN, null, null, null, 1, 1, null, after, null, null, 0.010000, t, 2026-03-21 05:20:30.119089, 2026-03-21 05:20:30.119089).
 
2026-03-21 05:20:33,381 36836 WARNING odoo odoo.modules.loading: Transient module states were reset 
2026-03-21 05:20:33,382 36836 ERROR odoo odoo.registry: Failed to load registry 
2026-03-21 05:20:33,382 36836 CRITICAL odoo odoo.service.server: Failed to initialize database `odoo`. 
Traceback (most recent call last):
  File "C:\Users\javie\Documents\VYNX trabajo\odoo\odoo\tools\convert.py", line 605, in _tag_root
    f(rec)
  File "C:\Users\javie\Documents\VYNX trabajo\odoo\odoo\tools\convert.py", line 460, in _tag_record
    record = model._load_records([data], self.mode == 'update')
             ^^^^^^^^^^^^^^^^^^^^^^^^^^^^^^^^^^^^^^^^^^^^^^^^^^
  File "C:\Users\javie\Documents\VYNX trabajo\odoo\odoo\orm\models.py", line 5194, in _load_records
    records = self._load_records_create([data['values'] for data in to_create])
              ^^^^^^^^^^^^^^^^^^^^^^^^^^^^^^^^^^^^^^^^^^^^^^^^^^^^^^^^^^^^^^^^^
  File "C:\Users\javie\Documents\VYNX trabajo\odoo\odoo\orm\models.py", line 5101, in _load_records_create
    records = self.create(vals_list)
              ^^^^^^^^^^^^^^^^^^^^^^
  File "C:\Users\javie\Documents\VYNX trabajo\odoo\odoo\orm\decorators.py", line 365, in create
    return method(self, vals_list)
           ^^^^^^^^^^^^^^^^^^^^^^^
  File "C:\Users\javie\Documents\VYNX trabajo\odoo\odoo\addons\base\models\res_currency.py", line 60, in create
    res = super().create(vals_list)
          ^^^^^^^^^^^^^^^^^^^^^^^^^
  File "C:\Users\javie\Documents\VYNX trabajo\odoo\odoo\orm\decorators.py", line 365, in create
    return method(self, vals_list)
           ^^^^^^^^^^^^^^^^^^^^^^^
  File "C:\Users\javie\Documents\VYNX trabajo\odoo\odoo\orm\models.py", line 4709, in create
    records = self._create(data_list)
              ^^^^^^^^^^^^^^^^^^^^^^^
  File "C:\Users\javie\Documents\VYNX trabajo\odoo\odoo\orm\models.py", line 4885, in _create
    cr.execute(SQL(
  File "C:\Users\javie\Documents\VYNX trabajo\odoo\odoo\sql_db.py", line 433, in execute
    self._obj.execute(query, params)
psycopg2.errors.NotNullViolation: el valor nulo en la columna «symbol» de la relación «res_currency» viola la restricción “not-null”
DETAIL:  La fila que falla contiene (174, PEN, null, null, null, 1, 1, null, after, null, null, 0.010000, t, 2026-03-21 05:20:30.119089, 2026-03-21 05:20:30.119089).


The above exception was the direct cause of the following exception:

Traceback (most recent call last):
  File "C:\Users\javie\Documents\VYNX trabajo\odoo\odoo\service\server.py", line 1544, in preload_registries
    registry = Registry.new(dbname, update_module=update_module, install_modules=config['init'], upgrade_modules=config['update'], reinit_modules=config['reinit'])
               ^^^^^^^^^^^^^^^^^^^^^^^^^^^^^^^^^^^^^^^^^^^^^^^^^^^^^^^^^^^^^^^^^^^^^^^^^^^^^^^^^^^^^^^^^^^^^^^^^^^^^^^^^^^^^^^^^^^^^^^^^^^^^^^^^^^^^^^^^^^^^^^^^^^^
  File "C:\Users\javie\Documents\VYNX trabajo\odoo\odoo\tools\func.py", line 88, in locked
    return func(inst, *args, **kwargs)
           ^^^^^^^^^^^^^^^^^^^^^^^^^^^
  File "C:\Users\javie\Documents\VYNX trabajo\odoo\odoo\orm\registry.py", line 199, in new
    load_modules(
  File "C:\Users\javie\Documents\VYNX trabajo\odoo\odoo\modules\loading.py", line 464, in load_modules
    load_module_graph(
  File "C:\Users\javie\Documents\VYNX trabajo\odoo\odoo\modules\loading.py", line 224, in load_module_graph
    load_data(env, idref, mode, kind='data', package=package)
  File "C:\Users\javie\Documents\VYNX trabajo\odoo\odoo\modules\loading.py", line 59, in load_data
    convert_file(env, package.name, filename, idref, mode, noupdate=kind == 'demo')
  File "C:\Users\javie\Documents\VYNX trabajo\odoo\odoo\tools\convert.py", line 693, in convert_file
    convert_xml_import(env, module, fp, idref, mode, noupdate)
  File "C:\Users\javie\Documents\VYNX trabajo\odoo\odoo\tools\convert.py", line 792, in convert_xml_import
    obj.parse(doc.getroot())
  File "C:\Users\javie\Documents\VYNX trabajo\odoo\odoo\tools\convert.py", line 663, in parse
    self._tag_root(de)
  File "C:\Users\javie\Documents\VYNX trabajo\odoo\odoo\tools\convert.py", line 618, in _tag_root
    raise ParseError('while parsing %s:%s, somewhere inside\n%s' % (
odoo.tools.convert.ParseError: while parsing file:/c:/users/javie/documents/vynx%20trabajo/odoo/addons/carniceria_template/data/company_config_data.xml:17, somewhere inside
<record id="currency_pen_active" model="res.currency">
        <field name="name">PEN</field>
        <field name="active" eval="True"/>
    </record>
2026-03-21 05:20:33,386 36836 INFO odoo odoo.service.server: Initiating shutdown 
2026-03-21 05:20:33,387 36836 INFO odoo odoo.service.server: Hit CTRL-C again or send a second signal to force the shutdown. 
2026-03-21 05:20:33,387 36836 INFO odoo odoo.sql_db: ConnectionPool(read/write;used=0/count=0/max=64): Closed 1 connections  
