python.exe : Traceback (most recent call 
last):
En línea: 1 Carácter: 1
+ python.exe .\odoo-bin -r javi2 -w 
javi2 --addons-path=addons -d odoo  ...
+ ~~~~~~~~~~~~~~~~~~~~~~~~~~~~~~~~~~~~~~~
~~~~~~~~~~~~~~~~~~~~~~~~~~~~~~
    + CategoryInfo          : NotSpecifi 
   ed: (Traceback (most recent call las  
  t)::String) [], RemoteException
    + FullyQualifiedErrorId : NativeComm 
   andError
 
  File "C:\Users\javie\Documents\VYNX 
trabajo\odoo\odoo-bin", line 3, in 
<module>
    import odoo.cli
  File "C:\Users\javie\Documents\VYNX 
trabajo\odoo\odoo\cli\__init__.py", line 
2, in <module>
    from .command import Command, main  
# noqa: F401
    ^^^^^^^^^^^^^^^^^^^^^^^^^^^^^^^^^^
  File "C:\Users\javie\Documents\VYNX 
trabajo\odoo\odoo\cli\command.py", line 
8, in <module>
    import odoo.init  # import first for 
core setup
    ^^^^^^^^^^^^^^^^
  File "C:\Users\javie\Documents\VYNX 
trabajo\odoo\odoo\init.py", line 26, in 
<module>
    _monkeypatches.patch_init()
  File "C:\Users\javie\Documents\VYNX tra
bajo\odoo\odoo\_monkeypatches\__init__.py
", line 62, in patch_init
    HOOK_IMPORT.add_hook(submodule.name)
  File "C:\Users\javie\Documents\VYNX tra
bajo\odoo\odoo\_monkeypatches\__init__.py
", line 30, in add_hook
    patch_module(fullname)
  File "C:\Users\javie\Documents\VYNX tra
bajo\odoo\odoo\_monkeypatches\__init__.py
", line 66, in patch_module
    module = 
importlib.import_module(f'.{name}', 
__name__)
             ^^^^^^^^^^^^^^^^^^^^^^^^^^^^
^^^^^^^^^^^^^^^^^
  File "C:\Users\javie\AppData\Local\Prog
rams\Python\Python312\Lib\importlib\__ini
t__.py", line 90, in import_module
    return 
_bootstrap._gcd_import(name[level:], 
package, level)
           ^^^^^^^^^^^^^^^^^^^^^^^^^^^^^^
^^^^^^^^^^^^^^^^^^^^^^
  File "C:\Users\javie\Documents\VYNX tra
bajo\odoo\odoo\_monkeypatches\site.py", 
line 10, in <module>
    import babel.core
ModuleNotFoundError: No module named 
'babel'
