2026-03-21 06:05:01,013 37996 WARNING ? odoo.tools.config: missing --http-interface/http_interface, using 0.0.0.0 by default, will change to 127.0.0.1 in 20.0 
2026-03-21 06:05:01,014 37996 INFO ? odoo: Odoo version 19.0 
2026-03-21 06:05:01,014 37996 INFO ? odoo: addons paths: _NamespacePath(['C:\\Users\\javie\\Documents\\VYNX trabajo\\odoo\\odoo\\addons', 'C:\\Users\\javie\\AppData\\Local\\OpenERP S.A.\\Odoo\\addons\\19.0', 'c:\\users\\javie\\documents\\vynx trabajo\\odoo\\odoo\\addons', 'c:\\users\\javie\\documents\\vynx trabajo\\odoo\\addons']) 
2026-03-21 06:05:01,014 37996 INFO ? odoo: database: javi2@default:default 
2026-03-21 06:05:01,545 37996 INFO odoo odoo.modules.loading: loading 1 modules... 
2026-03-21 06:05:01,549 37996 INFO odoo odoo.modules.loading: 1 modules loaded in 0.00s, 0 queries (+0 extra) 
2026-03-21 06:05:01,613 37996 INFO odoo odoo.modules.loading: updating modules list 
2026-03-21 06:05:01,616 37996 INFO odoo odoo.addons.base.models.ir_module: ALLOW access to module.update_list on [] to user __system__ #1 via n/a 
2026-03-21 06:05:02,658 37996 INFO odoo odoo.addons.base.models.ir_module: ALLOW access to module.button_upgrade on ['Plantilla para Carnicería'] to user __system__ #1 via n/a 
2026-03-21 06:05:02,658 37996 INFO odoo odoo.addons.base.models.ir_module: ALLOW access to module.update_list on ['Plantilla para Carnicería'] to user __system__ #1 via n/a 
2026-03-21 06:05:03,483 37996 INFO odoo odoo.addons.base.models.ir_module: ALLOW access to module.button_install on [] to user __system__ #1 via n/a 
2026-03-21 06:05:03,517 37996 INFO odoo odoo.modules.loading: loading 76 modules... 
2026-03-21 06:05:04,430 37996 INFO odoo odoo.modules.loading: Loading module carniceria_template (75/76) 
2026-03-21 06:05:04,627 37996 INFO odoo odoo.registry: module carniceria_template: creating or updating database tables 
2026-03-21 06:05:04,737 37996 INFO odoo odoo.modules.loading: loading carniceria_template/security/ir.model.access.csv 
2026-03-21 06:05:04,746 37996 INFO odoo odoo.modules.loading: loading carniceria_template/data/company_config_data.xml 
2026-03-21 06:05:04,761 37996 INFO odoo odoo.modules.loading: loading carniceria_template/data/product_category_data.xml 
2026-03-21 06:05:04,768 37996 INFO odoo odoo.modules.loading: loading carniceria_template/data/pos_config_data.xml 
2026-03-21 06:05:04,777 37996 INFO odoo odoo.modules.loading: loading carniceria_template/data/stock_warehouse_data.xml 
2026-03-21 06:05:05,816 37996 INFO odoo odoo.modules.loading: loading carniceria_template/data/mrp_bom_data.xml 
2026-03-21 06:05:05,861 37996 WARNING odoo odoo.modules.loading: Transient module states were reset 
2026-03-21 06:05:05,862 37996 ERROR odoo odoo.registry: Failed to load registry 
2026-03-21 06:05:05,862 37996 CRITICAL odoo odoo.service.server: Failed to initialize database `odoo`. 
Traceback (most recent call last):
  File "C:\Users\javie\Documents\VYNX trabajo\odoo\odoo\tools\convert.py", line 605, in _tag_root
    f(rec)
  File "C:\Users\javie\Documents\VYNX trabajo\odoo\odoo\tools\convert.py", line 423, in _tag_record
    f_val = self.id_get(f_ref, raise_if_not_found=nodeattr2bool(rec, 'forcecreate', True))
            ^^^^^^^^^^^^^^^^^^^^^^^^^^^^^^^^^^^^^^^^^^^^^^^^^^^^^^^^^^^^^^^^^^^^^^^^^^^^^^
  File "C:\Users\javie\Documents\VYNX trabajo\odoo\odoo\tools\convert.py", line 589, in id_get
    return self.model_id_get(id_str, raise_if_not_found)[1]
           ^^^^^^^^^^^^^^^^^^^^^^^^^^^^^^^^^^^^^^^^^^^^^
  File "C:\Users\javie\Documents\VYNX trabajo\odoo\odoo\tools\convert.py", line 593, in model_id_get
    return self.env['ir.model.data']._xmlid_to_res_model_res_id(id_str, raise_if_not_found=raise_if_not_found)
           ^^^^^^^^^^^^^^^^^^^^^^^^^^^^^^^^^^^^^^^^^^^^^^^^^^^^^^^^^^^^^^^^^^^^^^^^^^^^^^^^^^^^^^^^^^^^^^^^^^^
  File "C:\Users\javie\Documents\VYNX trabajo\odoo\odoo\addons\base\models\ir_model.py", line 2277, in _xmlid_to_res_model_res_id
    return self._xmlid_lookup(xmlid)
           ^^^^^^^^^^^^^^^^^^^^^^^^^
  File "C:\Users\javie\Documents\VYNX trabajo\odoo\odoo\tools\cache.py", line 98, in lookup
    return self.lookup(*args, **kwargs)
           ^^^^^^^^^^^^^^^^^^^^^^^^^^^^
  File "C:\Users\javie\Documents\VYNX trabajo\odoo\odoo\tools\cache.py", line 155, in lookup
    value = self.method(*args, **kwargs)
            ^^^^^^^^^^^^^^^^^^^^^^^^^^^^
  File "C:\Users\javie\Documents\VYNX trabajo\odoo\odoo\addons\base\models\ir_model.py", line 2270, in _xmlid_lookup
    raise ValueError('External ID not found in the system: %s' % xmlid)
ValueError: External ID not found in the system: carniceria_template.demo_lomo_fino

The above exception was the direct cause of the following exception:

Traceback (most recent call last):
  File "C:\Users\javie\Documents\VYNX trabajo\odoo\odoo\service\server.py", line 1544, in preload_registries
    registry = Registry.new(dbname, update_module=update_module, install_modules=config['init'], upgrade_modules=config['update'], reinit_modules=config['reinit'])
               ^^^^^^^^^^^^^^^^^^^^^^^^^^^^^^^^^^^^^^^^^^^^^^^^^^^^^^^^^^^^^^^^^^^^^^^^^^^^^^^^^^^^^^^^^^^^^^^^^^^^^^^^^^^^^^^^^^^^^^^^^^^^^^^^^^^^^^^^^^^^^^^^^^^^
  File "C:\Users\javie\Documents\VYNX trabajo\odoo\odoo\tools\func.py", line 88, in locked
    return func(inst, *args, **kwargs)
           ^^^^^^^^^^^^^^^^^^^^^^^^^^^
  File "C:\Users\javie\Documents\VYNX trabajo\odoo\odoo\orm\registry.py", line 199, in new
    load_modules(
  File "C:\Users\javie\Documents\VYNX trabajo\odoo\odoo\modules\loading.py", line 464, in load_modules
    load_module_graph(
  File "C:\Users\javie\Documents\VYNX trabajo\odoo\odoo\modules\loading.py", line 224, in load_module_graph
    load_data(env, idref, mode, kind='data', package=package)
  File "C:\Users\javie\Documents\VYNX trabajo\odoo\odoo\modules\loading.py", line 59, in load_data
    convert_file(env, package.name, filename, idref, mode, noupdate=kind == 'demo')
  File "C:\Users\javie\Documents\VYNX trabajo\odoo\odoo\tools\convert.py", line 693, in convert_file
    convert_xml_import(env, module, fp, idref, mode, noupdate)
  File "C:\Users\javie\Documents\VYNX trabajo\odoo\odoo\tools\convert.py", line 792, in convert_xml_import
    obj.parse(doc.getroot())
  File "C:\Users\javie\Documents\VYNX trabajo\odoo\odoo\tools\convert.py", line 663, in parse
    self._tag_root(de)
  File "C:\Users\javie\Documents\VYNX trabajo\odoo\odoo\tools\convert.py", line 618, in _tag_root
    raise ParseError('while parsing %s:%s, somewhere inside\n%s' % (
odoo.tools.convert.ParseError: while parsing file:/c:/users/javie/documents/vynx%20trabajo/odoo/addons/carniceria_template/data/mrp_bom_data.xml:41, somewhere inside
<record id="bom_line_lomo" model="mrp.bom.line">
        <field name="bom_id" ref="bom_desposte_canal_res"/>
        <field name="product_id" ref="carniceria_template.demo_lomo_fino"/>
        <field name="product_qty">10.0</field>
        <field name="product_uom_id" ref="uom.product_uom_kgm"/>
    </record>
2026-03-21 06:05:05,865 37996 INFO odoo odoo.service.server: Initiating shutdown 
2026-03-21 06:05:05,865 37996 INFO odoo odoo.service.server: Hit CTRL-C again or send a second signal to force the shutdown. 
2026-03-21 06:05:05,865 37996 INFO odoo odoo.sql_db: ConnectionPool(read/write;used=0/count=0/max=64): Closed 1 connections  
